******************************************************************************
                  TI ARM Linker Unix v20.2.7                   
******************************************************************************
>> Linked Mon Mar 27 10:54:40 2023

OUTPUT FILE NAME:   <Emb2_lab3.out>
ENTRY POINT SYMBOL: "_c_int00_noinit_noargs"  address: 00000bf5


MEMORY CONFIGURATION

         name            origin    length      used     unused   attr    fill
----------------------  --------  ---------  --------  --------  ----  --------
  FLASH                 00000000   00040000  00000c5c  0003f3a4  R  X
  SRAM                  20000000   00008000  00000200  00007e00  RW X


SEGMENT ALLOCATION MAP

run origin  load origin   length   init length attrs members
----------  ----------- ---------- ----------- ----- -------
00000000    00000000    00000c5c   00000c5c    r-x
  00000000    00000000    0000026c   0000026c    r-- .intvecs
  0000026c    0000026c    000009f0   000009f0    r-x .text
20000000    20000000    00000200   00000000    rw-
  20000000    20000000    00000200   00000000    rw- .stack


SECTION ALLOCATION MAP

 output                                  attributes/
section   page    origin      length       input sections
--------  ----  ----------  ----------   ----------------
.intvecs   0    00000000    0000026c     
                  00000000    0000026c     tm4c123gh6pm_startup_ccs.obj (.intvecs)

.text      0    0000026c    000009f0     
                  0000026c    00000808     gpio.obj (.text)
                  00000a74    000000d4     nvic.obj (.text)
                  00000b48    00000064     lab3_part11_sadhanpawar.obj (.text)
                  00000bac    00000048     lab3_part1_2_sadhanpawar.obj (.text)
                  00000bf4    0000002c     rtsv7M4_T_le_v4SPD16_eabi.lib : boot_cortex_m.c.obj (.text:_c_int00_noinit_noargs:_c_int00_noinit_noargs)
                  00000c20    00000018     lab3_part3_sadhanpawar.obj (.text)
                  00000c38    00000010     clock.obj (.text)
                  00000c48    0000000c     tm4c123gh6pm_startup_ccs.obj (.text)
                  00000c54    00000004     rtsv7M4_T_le_v4SPD16_eabi.lib : pre_init.c.obj (.text:_system_pre_init)
                  00000c58    00000004                                   : exit.c.obj (.text:abort:abort)

.cinit     0    00000000    00000000     UNINITIALIZED

.init_array 
*          0    00000000    00000000     UNINITIALIZED

.stack     0    20000000    00000200     UNINITIALIZED
                  20000000    00000004     rtsv7M4_T_le_v4SPD16_eabi.lib : boot_cortex_m.c.obj (.stack)
                  20000004    000001fc     --HOLE--

__llvm_prf_cnts 
*          0    20000000    00000000     UNINITIALIZED

MODULE SUMMARY

       Module                         code   ro data   rw data
       ------                         ----   -------   -------
    ./
       gpio.obj                       2056   0         0      
       tm4c123gh6pm_startup_ccs.obj   12     620       0      
       nvic.obj                       212    0         0      
       lab3_part11_sadhanpawar.obj    100    0         0      
       lab3_part1_2_sadhanpawar.obj   72     0         0      
       lab3_part3_sadhanpawar.obj     24     0         0      
       clock.obj                      16     0         0      
    +--+------------------------------+------+---------+---------+
       Total:                         2492   620       0      
                                                              
    /home/sadhan/ti/ccs1210/ccs/tools/compiler/ti-cgt-arm_20.2.7.LTS/lib/rtsv7M4_T_le_v4SPD16_eabi.lib
       boot_cortex_m.c.obj            44     0         0      
       exit.c.obj                     4      0         0      
       pre_init.c.obj                 4      0         0      
    +--+------------------------------+------+---------+---------+
       Total:                         52     0         0      
                                                              
       Stack:                         0      0         512    
    +--+------------------------------+------+---------+---------+
       Grand Total:                   2544   620       512    


GLOBAL SYMBOLS: SORTED ALPHABETICALLY BY Name 

address   name                         
-------   ----                         
00000c59  C$$EXIT                      
00000c49  ResetISR                     
20000200  __STACK_END                  
00000200  __STACK_SIZE                 
20000200  __STACK_TOP                  
ffffffff  __TI_pprof_out_hndl          
ffffffff  __TI_prof_data_size          
ffffffff  __TI_prof_data_start         
00000000  __TI_static_base__           
ffffffff  __binit__                    
ffffffff  __c_args__                   
UNDEFED   __mpu_init                   
20000000  __stack                      
20000000  __start___llvm_prf_cnts      
20000000  __stop___llvm_prf_cnts       
00000bf5  _c_int00_noinit_noargs       
00000c55  _system_pre_init             
00000c59  abort                        
ffffffff  binit                        
000008c1  clearPinInterrupt            
00000aad  disableNvicInterrupt         
0000089d  disablePinInterrupt          
000005d5  disablePinPulldown           
0000058d  disablePinPullup             
00000329  disablePort                  
00000a75  enableNvicInterrupt          
00000879  enablePinInterrupt           
000005b1  enablePinPulldown            
0000055f  enablePinPullup              
0000026d  enablePort                   
00000000  g_pfnVectors                 
0000092f  getPinValue                  
000009e5  getPortValue                 
00000bad  initHw                       
00000c39  initSystemClockTo40Mhz       
00000b49  lab3_part11_Init             
00000be1  main                         
00000b93  mcpGpioPortBIntHandler       
00000493  selectPinAnalogInput         
00000445  selectPinDigitalInput        
000007af  selectPinInterruptBothEdges  
0000075f  selectPinInterruptFallingEdge
00000805  selectPinInterruptHighLevel  
0000083f  selectPinInterruptLowLevel   
0000070f  selectPinInterruptRisingEdge 
000003f7  selectPinOpenDrainOutput     
000003a9  selectPinPushPullOutput      
00000ae5  setNvicInterruptPriority     
000005fd  setPinAuxFunction            
000004e3  setPinCommitControl          
000008e5  setPinValue                  
0000096d  setPortValue                 
00000bc7  toggleBitRMW                 
00000c20  toggleBitasmRMW              
0000090b  togglePinValue               


GLOBAL SYMBOLS: SORTED BY Symbol Address 

address   name                         
-------   ----                         
00000000  __TI_static_base__           
00000000  g_pfnVectors                 
00000200  __STACK_SIZE                 
0000026d  enablePort                   
00000329  disablePort                  
000003a9  selectPinPushPullOutput      
000003f7  selectPinOpenDrainOutput     
00000445  selectPinDigitalInput        
00000493  selectPinAnalogInput         
000004e3  setPinCommitControl          
0000055f  enablePinPullup              
0000058d  disablePinPullup             
000005b1  enablePinPulldown            
000005d5  disablePinPulldown           
000005fd  setPinAuxFunction            
0000070f  selectPinInterruptRisingEdge 
0000075f  selectPinInterruptFallingEdge
000007af  selectPinInterruptBothEdges  
00000805  selectPinInterruptHighLevel  
0000083f  selectPinInterruptLowLevel   
00000879  enablePinInterrupt           
0000089d  disablePinInterrupt          
000008c1  clearPinInterrupt            
000008e5  setPinValue                  
0000090b  togglePinValue               
0000092f  getPinValue                  
0000096d  setPortValue                 
000009e5  getPortValue                 
00000a75  enableNvicInterrupt          
00000aad  disableNvicInterrupt         
00000ae5  setNvicInterruptPriority     
00000b49  lab3_part11_Init             
00000b93  mcpGpioPortBIntHandler       
00000bad  initHw                       
00000bc7  toggleBitRMW                 
00000be1  main                         
00000bf5  _c_int00_noinit_noargs       
00000c20  toggleBitasmRMW              
00000c39  initSystemClockTo40Mhz       
00000c49  ResetISR                     
00000c55  _system_pre_init             
00000c59  C$$EXIT                      
00000c59  abort                        
20000000  __stack                      
20000000  __start___llvm_prf_cnts      
20000000  __stop___llvm_prf_cnts       
20000200  __STACK_END                  
20000200  __STACK_TOP                  
ffffffff  __TI_pprof_out_hndl          
ffffffff  __TI_prof_data_size          
ffffffff  __TI_prof_data_start         
ffffffff  __binit__                    
ffffffff  __c_args__                   
ffffffff  binit                        
UNDEFED   __mpu_init                   

[55 symbols]
