******************************************************************************
                  TI ARM Linker Unix v20.2.7                   
******************************************************************************
>> Linked Mon Mar 27 10:53:50 2023

OUTPUT FILE NAME:   <Emb2_lab3.out>
ENTRY POINT SYMBOL: "_c_int00_noinit_noargs"  address: 00000759


MEMORY CONFIGURATION

         name            origin    length      used     unused   attr    fill
----------------------  --------  ---------  --------  --------  ----  --------
  FLASH                 00000000   00040000  000007c0  0003f840  R  X
  SRAM                  20000000   00008000  00000200  00007e00  RW X


SEGMENT ALLOCATION MAP

run origin  load origin   length   init length attrs members
----------  ----------- ---------- ----------- ----- -------
00000000    00000000    000007c0   000007c0    r-x
  00000000    00000000    0000026c   0000026c    r-- .intvecs
  0000026c    0000026c    00000554   00000554    r-x .text
20000000    20000000    00000200   00000000    rw-
  20000000    20000000    00000200   00000000    rw- .stack


SECTION ALLOCATION MAP

 output                                  attributes/
section   page    origin      length       input sections
--------  ----  ----------  ----------   ----------------
.intvecs   0    00000000    0000026c     
                  00000000    0000026c     tm4c123gh6pm_startup_ccs.obj (.intvecs)

.text      0    0000026c    00000554     
                  0000026c    000003e4     gpio.obj (.text)
                  00000650    00000068     lab3_part11_sadhanpawar.obj (.text)
                  000006b8    00000064     nvic.obj (.text)
                  0000071c    0000003c     lab3_part1_2_sadhanpawar.obj (.text)
                  00000758    0000002c     rtsv7M4_T_le_v4SPD16_eabi.lib : boot_cortex_m.c.obj (.text:_c_int00_noinit_noargs:_c_int00_noinit_noargs)
                  00000784    00000018     lab3_part3_sadhanpawar.obj (.text)
                  0000079c    00000010     clock.obj (.text)
                  000007ac    0000000c     tm4c123gh6pm_startup_ccs.obj (.text)
                  000007b8    00000004     rtsv7M4_T_le_v4SPD16_eabi.lib : pre_init.c.obj (.text:_system_pre_init)
                  000007bc    00000004                                   : exit.c.obj (.text:abort:abort)

.cinit     0    00000000    00000000     UNINITIALIZED

.init_array 
*          0    00000000    00000000     UNINITIALIZED

.stack     0    20000000    00000200     UNINITIALIZED
                  20000000    00000004     rtsv7M4_T_le_v4SPD16_eabi.lib : boot_cortex_m.c.obj (.stack)
                  20000004    000001fc     --HOLE--

__llvm_prf_cnts 
*          0    20000000    00000000     UNINITIALIZED

MODULE SUMMARY

       Module                         code   ro data   rw data
       ------                         ----   -------   -------
    ./
       gpio.obj                       996    0         0      
       tm4c123gh6pm_startup_ccs.obj   12     620       0      
       lab3_part11_sadhanpawar.obj    104    0         0      
       nvic.obj                       100    0         0      
       lab3_part1_2_sadhanpawar.obj   60     0         0      
       lab3_part3_sadhanpawar.obj     24     0         0      
       clock.obj                      16     0         0      
    +--+------------------------------+------+---------+---------+
       Total:                         1312   620       0      
                                                              
    /home/sadhan/ti/ccs1210/ccs/tools/compiler/ti-cgt-arm_20.2.7.LTS/lib/rtsv7M4_T_le_v4SPD16_eabi.lib
       boot_cortex_m.c.obj            44     0         0      
       exit.c.obj                     4      0         0      
       pre_init.c.obj                 4      0         0      
    +--+------------------------------+------+---------+---------+
       Total:                         52     0         0      
                                                              
       Stack:                         0      0         512    
    +--+------------------------------+------+---------+---------+
       Grand Total:                   1364   620       512    


GLOBAL SYMBOLS: SORTED ALPHABETICALLY BY Name 

address   name                         
-------   ----                         
000007bd  C$$EXIT                      
000007ad  ResetISR                     
20000200  __STACK_END                  
00000200  __STACK_SIZE                 
20000200  __STACK_TOP                  
ffffffff  __TI_pprof_out_hndl          
ffffffff  __TI_prof_data_size          
ffffffff  __TI_prof_data_start         
00000000  __TI_static_base__           
ffffffff  __binit__                    
ffffffff  __c_args__                   
UNDEFED   __mpu_init                   
20000000  __stack                      
20000000  __start___llvm_prf_cnts      
20000000  __stop___llvm_prf_cnts       
00000759  _c_int00_noinit_noargs       
000007b9  _system_pre_init             
000007bd  abort                        
ffffffff  binit                        
000005fb  clearPinInterrupt            
000006fb  disableNvicInterrupt         
000005ef  disablePinInterrupt          
000005e1  disablePinPulldown           
000005cf  disablePinPullup             
00000565  disablePort                  
000006e5  enableNvicInterrupt          
00000559  enablePinInterrupt           
0000054b  enablePinPulldown            
0000053d  enablePinPullup              
0000048b  enablePort                   
00000000  g_pfnVectors                 
0000047f  getPinValue                  
0000043f  getPortValue                 
00000729  initHw                       
0000079d  initSystemClockTo40Mhz       
00000669  lab3_part11_Init             
00000745  main                         
00000651  mcpGpioPortBIntHandler       
00000427  selectPinAnalogInput         
0000040f  selectPinDigitalInput        
000003fd  selectPinInterruptBothEdges  
000003e9  selectPinInterruptFallingEdge
000003d9  selectPinInterruptHighLevel  
000003c7  selectPinInterruptLowLevel   
000003b1  selectPinInterruptRisingEdge 
0000039b  selectPinOpenDrainOutput     
00000383  selectPinPushPullOutput      
000006b9  setNvicInterruptPriority     
0000030d  setPinAuxFunction            
000002bf  setPinCommitControl          
000002b9  setPinValue                  
0000027b  setPortValue                 
0000071d  toggleBitRMW                 
00000784  toggleBitasmRMW              
0000026d  togglePinValue               


GLOBAL SYMBOLS: SORTED BY Symbol Address 

address   name                         
-------   ----                         
00000000  __TI_static_base__           
00000000  g_pfnVectors                 
00000200  __STACK_SIZE                 
0000026d  togglePinValue               
0000027b  setPortValue                 
000002b9  setPinValue                  
000002bf  setPinCommitControl          
0000030d  setPinAuxFunction            
00000383  selectPinPushPullOutput      
0000039b  selectPinOpenDrainOutput     
000003b1  selectPinInterruptRisingEdge 
000003c7  selectPinInterruptLowLevel   
000003d9  selectPinInterruptHighLevel  
000003e9  selectPinInterruptFallingEdge
000003fd  selectPinInterruptBothEdges  
0000040f  selectPinDigitalInput        
00000427  selectPinAnalogInput         
0000043f  getPortValue                 
0000047f  getPinValue                  
0000048b  enablePort                   
0000053d  enablePinPullup              
0000054b  enablePinPulldown            
00000559  enablePinInterrupt           
00000565  disablePort                  
000005cf  disablePinPullup             
000005e1  disablePinPulldown           
000005ef  disablePinInterrupt          
000005fb  clearPinInterrupt            
00000651  mcpGpioPortBIntHandler       
00000669  lab3_part11_Init             
000006b9  setNvicInterruptPriority     
000006e5  enableNvicInterrupt          
000006fb  disableNvicInterrupt         
0000071d  toggleBitRMW                 
00000729  initHw                       
00000745  main                         
00000759  _c_int00_noinit_noargs       
00000784  toggleBitasmRMW              
0000079d  initSystemClockTo40Mhz       
000007ad  ResetISR                     
000007b9  _system_pre_init             
000007bd  C$$EXIT                      
000007bd  abort                        
20000000  __stack                      
20000000  __start___llvm_prf_cnts      
20000000  __stop___llvm_prf_cnts       
20000200  __STACK_END                  
20000200  __STACK_TOP                  
ffffffff  __TI_pprof_out_hndl          
ffffffff  __TI_prof_data_size          
ffffffff  __TI_prof_data_start         
ffffffff  __binit__                    
ffffffff  __c_args__                   
ffffffff  binit                        
UNDEFED   __mpu_init                   

[55 symbols]
